yang
di
dan
ini
itu
dengan
untuk
dari
dalam
akan
pada
tidak
juga
ke
tersebut
ada
bisa
saat
jakarta
tahun
karena
sudah
menjadi
mereka
kata
indonesia
saya
lebih
atau
kami
oleh
sebagai
adalah
tak
satu
masih
orang
seperti
dia
namun
para
hanya
ia
mengatakan
dua
harus
kepada
lalu
telah
setelah
hari
rumah
warga
rp
bahwa
baru
banyak
hal
melakukan
hingga
anda
menurut
belum
dapat
lain
beberapa
kota
besar
persen
sekitar
tim
kita
pemerintah
pun
jika
jalan
salah
sementara
bagi
dilakukan
memiliki
secara
merupakan
masyarakat
atas
kasus
terjadi
selama
sangat
kepala
negara
saja
membuat
korban
tiga
lagi
baik
kedua
waktu
selain
pemain
kalau
tetapi
anak
ujar
daerah
sampai
agar
kali
sama
tengah
kembali
sejumlah
ketika
anggota
serta
pertama
seorang
sejak
kpk
dunia
polisi
sebelumnya
antara
sehingga
juta
terhadap
rabu
sebuah
harga
semua
ketua
as
jadi
pihak
tetap
hasil
partai
presiden
memang
jawa
katanya
barat
kamis
senin
tempat
tapi
bersama
mulai
selasa
kabupaten
kemudian
depan
timur
langsung
terkait
dki
bulan
memberikan
bukan
pt
lainnya
melalui
minggu
gubernur
jumat
tinggi
selatan
negeri
air
terus
nasional
menggunakan
mengaku
ingin
setiap
berada
masuk
pernah
sendiri
umum
pukul
diri
luar
bagian
kerja
mobil
sekolah
tentang
kini
malam
per
korupsi
berbagai
perusahaan
bahkan
uang
pendidikan
menteri
jumlah
pasar
apa
empat
pusat
kawasan
tersangka
sedang
hukum
kondisi
sebelum
kantor
cukup
mencapai
miliar
yakni
perlu
pelaku
masalah
pertandingan
dpr
wakil
keluarga
lokasi
menit
mampu
komisi
desa
termasuk
bola
calon
wilayah
meski
sempat
kepolisian
mengalami
sabtu
melihat
lima
meminta
acara
perempuan
proses
gol
kecamatan
aksi
mendapatkan
badan
seluruh
demikian
tanpa
dana
mendapat
berhasil
program
sebesar
terakhir
asal
sebanyak
datang
ujarnya
aku
jelas
tahu
kementerian
paling
maka
pasangan
bank
masa
mau
sekarang
akibat
akhirnya
petugas
musim
nomor
gedung
menyatakan
akhir
rasa
mungkin
yaitu
utama
sakit
mantan
bekerja
bermain
dollar
nama
begitu
utara
ibu
lama
jam
mengenai
proyek
selalu
motor
awal
pembangunan
the
punya
semakin
naik
kesehatan
sesuai
soal
polri
berlangsung
bahan
mahasiswa
inggris
maupun
cara
laga
segera
kecil
dinas
kegiatan
nanti
ekonomi
tanah
guru
pelatih
diduga
siswa
surat
informasi
provinsi
adanya
posisi
pesawat
china
pekan
rakyat
ruang
bbm
membawa
berharap
penting
menjelaskan
wib
menerima
hidup
direktur
data
menunjukkan
produk
dirinya
pria
sistem
khusus
bawah
pihaknya
sedangkan
kelompok
eropa
suara
berdasarkan
turun
terlihat
bidang
amerika
merasa
ketiga
melawan
sebagian
anggaran
film
memberi
dewan
membantu
pagi
biasa
hotel
unit
milik
jauh
kendaraan
makanan
poin
tampil
api
jaya
jangan
media
jenis
digunakan
memilih
babak
usaha
muda
kurang
sering
apakah
wartawan
meter
barang
enam
ikut
politik
kejadian
budaya
polda
kapal
minyak
menuju
mata
lanjut
bali
juara
dulu
diketahui
laporan
nilai
ditemukan
liga
makan
klub
internasional
tingkat
universitas
jokowi
sebenarnya
dugaan
rencana
biaya
keputusan
berbeda
kenaikan
malaysia
piala
ternyata
tinggal
tubuh
pertemuan
mana
jalur
tangan
pengadilan
lembaga
ya
meningkatkan
sekali
mencari
upaya
pasal
padahal
mengikuti
industri
serikat
mengungkapkan
pemeriksaan
kelas
lapangan
mudah
terlalu
keuangan
siap
cepat
menambahkan
bambang
bagaimana
kesempatan
berat
terutama
metro
misalnya
menilai
keluar
demokrat
tewas
dekat
perjalanan
angka
peserta
pulau
menemukan
mendatang
hakim
sepeda
setempat
berusia
penumpang
terbaik
pasti
kemenangan
sepanjang
menjalani
berjalan
rapat
bantuan
justru
biasanya
kebutuhan
jenderal
digelar
laut
total
sosial
asia
resmi
kemarin
wisata
keamanan
mengambil
jepang
sulit
daya
pula
sumber
pemilihan
hubungan
komisaris
triliun
emas
final
meraih
siang
bentuk
lingkungan
kaki
keras
sedikit
hampir
kemungkinan
saksi
of
hak
city
operasi
sepak
mendukung
panjang
kebijakan
apalagi
grup
bila
menghadapi
enggak
bandung
keduanya
manusia
kan
keterangan
menarik
serangan
saham
diberikan
agung
publik
pejabat
merah
tni
tentu
i
sebab
bisnis
ungkap
listrik
australia
dukungan
arah
lewat
bukti
belakang
meskipun
italia
surabaya
buku
pengguna
olahraga
menurutnya
hadir
perdagangan
gunung
teknologi
warna
terdapat
buruh
raya
lahan
sekaligus
spanyol
alat
membangun
bupati
massa
menunggu
aceh
bagus
usia
bakal
disampaikan
tenaga
kuat
tadi
peluang
aparat
pidana
penelitian
polres
menyebutkan
peristiwa
terlibat
bakar
sini
berasal
sisi
kampung
pers
siapa
langkah
pimpinan
alasan
gelar
sidang
terbuka
adapun
dianggap
tepat
membuka
sulawesi
menolak
bertemu
bus
dibandingkan
membeli
kompas
tampak
asing
berusaha
kartu
pemberantasan
sang
memenuhi
bayi
diperkirakan
pebalap
tindak
pernyataan
dprd
perubahan
lintas
kebakaran
tujuh
jerman
diharapkan
menang
putih
situs
produksi
tutur
dinilai
kamar
milan
berupa
disebut
dokter
yogyakarta
tanggal
pilkada
madrid
penyidik
pantai
menggelar
menyebabkan
penyakit
menjaga
kecelakaan
muncul
sektor
bangunan
gagal
bernama
mengetahui
semarang
antaranya
buah
karya
sana
dini
gawang
boleh
meningkat
seharusnya
belajar
luka
ikan
bandara
banjir
senjata
musik
chelsea
sungai
diberitakan
selanjutnya
dibawa
kalah
juni
kekerasan
permainan
barcelona
taman
alam
pemilik
bicara
atlet
penuh
latihan
kulit
pengembangan
bahasa
papua
mencetak
lampung
lagu
perancis
kiri
dasar
pemimpin
stadion
wanita
kelurahan
oktober
ditangkap
kalimantan
indeks
bogor
pekerjaan
hujan
ratusan
meninggal
menegaskan
sore
dikenal
terdakwa
kereta
berita
perwakilan
pekerja
pilihan
penjualan
pengunjung
selesai
september
puluhan
gas
kanan
tidur
pasalnya
delapan
memastikan
permintaan
penjara
benar
bangsa
solo
pertumbuhan
juli
lokal
iii
foto
januari
ii
tujuan
mencoba
sumatera
si
menyampaikan
yakin
hukuman
tegas
desember
seusai
peningkatan
tindakan
positif
aktivitas
energi
singapura
kemampuan
pintu
malang
tugas
olimpiade
pak
level
izin
pajak
ri
mengakui
pengusaha
pariwisata
usai
sambil
kontrak
rusia
bebas
kualitas
sehat
pemilu
batu
perangkat
uu
melaporkan
layanan
udara
sukses
april
istri
memutuskan
mei
korea
seni
ditemui
pemuda
november
darah
kebudayaan
target
uji
menjelang
timnas
khususnya
golkar
pedagang
penggunaan
menambah
petani
peringkat
penerbangan
medan
sekretaris
joko
agus
yudhoyono
nazaruddin
kpu
meninggalkan
titik
aplikasi
kalangan
kampanye
berarti
jawab
senilai
manchester
dimulai
hutan
agustus
london
maret
peraturan
narkoba
bumi
rendah
alias
aturan
tua
islam
wisatawan
demi
diterima
suatu
belanda
dibuat
kilometer
fasilitas
jaringan
mengeluarkan
bertahan
tiba
a
pulang
tenggara
andi
jaksa
investasi
fraksi
agama
kerap
stasiun
suap
terdiri
membutuhkan
pelaksanaan
wali
putri
pegawai
penduduk
melanjutkan
obat
ajang
perhatian
humas
budi
and
kehilangan
diperiksa
buruk
hitam
jatuh
fauzi
terbesar
john
terbukti
apple
tertentu
militer
dihubungi
pelayanan
unggul
mengurangi
tambahan
menikmati
catatan
susilo
tambah
melibatkan
puncak
bintang
potensi
diikuti
festival
bergerak
gaya
penghargaan
daging
tahanan
mesin
pelabuhan
lolos
sejarah
lakukan
survei
ancaman
senang
global
perdana
mengembangkan
pribadi
saling
kehidupan
juru
bunga
pengalaman
keempat
kompleks
luas
bersih
putra
lantaran
menyebut
peran
jiwa
tiket
dahlan
hati
al
new
konflik
berakhir
memasuki
ruangan
tambahnya
suriah
tembakan
kunjungan
buat
itulah
malah
rencananya
pasien
turnamen
area
jenazah
tokoh
persoalan
kompetisi
satunya
pesan
game
sikap
pasukan
sejauh
perawatan
aman
perkara
duduk
menciptakan
fokus
mati
ditetapkan
riau
league
toko
diberi
peneliti
turut
cedera
putaran
orangtua
jasa
timnya
ton
widodo
situasi
maksimal
mendorong
putusan
pertahanan
semuanya
ulang
majelis
makassar
champions
diminta
perumahan
kesulitan
menyelesaikan
lanjutnya
kabar
komunikasi
rupiah
karyawan
pssi
coba
bencana
lantai
nantinya
arus
februari
percaya
perkembangan
sma
penyelidikan
model
lawan
bursa
muhammad
pohon
truk
djoko
batik
kepentingan
m
arsenal
harapan
tol
balik
organisasi
sesuatu
panas
gangguan
televisi
tuturnya
bumn
mengalahkan
mempunyai
panitia
menimbulkan
ahli
polsek
telepon
mu
studi
dilaporkan
tahap
dibangun
kredit
persidangan
indah
tuan
periode
rumahnya
pabrik
tradisional
bergabung
menyediakan
ham
sebaiknya
anas
iran
memanfaatkan
berisi
risiko
menetapkan
berkembang
terlebih
premier
bom
teman
pelanggaran
kopi
suka
tangga
minta
makin
pemberian
khas
awalnya
kejaksaan
terpaksa
video
pameran
euro
ujian
penurunan
gerakan
sembilan
suasana
menyiapkan
tercatat
anaknya
berencana
jarak
skor
serius
mengajukan
united
seseorang
depok
investor
tangerang
india
riset
ditutup
murah
membayar
faktor
rt
ribuan
internet
melanggar
penyebab
penampilan
maju
rusak
ribu
menengah
pelajar
guna
gigi
rs
diambil
memakai
menjual
berubah
senior
layak
gelandang
kekuatan
daftar
tamu
penalti
dilaksanakan
ahmad
google
halaman
hendak
pendapatan
konsumen
satuan
ataupun
wajah
pembunuhan
pemerintahan
menyerahkan
gempa
kayu
tekanan
real
dibuka
jembatan
sanksi
bersubsidi
terima
transportasi
online
status
peringatan
menjalankan
senayan
dijual
thailand
aktif
busana
pengadaan
dijadikan
penyidikan
keadaan
ilmu
fisik
b
hambalang
supaya
menuntut
pergi
inilah
unjuk
menangkap
seri
inter
memeriksa
koordinator
dipakai
ucap
alex
kerugian
nyaman
berhenti
tanjung
ponsel
dr
lihat
lebaran
mengingat
minum
transaksi
menentukan
obama
kasih
serupa
ganda
gabungan
cenderung
pertanian
dikatakan
pos
segala
perlindungan
tes
ditahan
ali
pendukung
normal
perguruan
kesepakatan
modal
parlemen
tumbuh
umpan
liverpool
hidayat
ayat
bekasi
angkutan
penyerang
angelina
butuh
paket
sapi
mengatasi
mengenakan
ungkapnya
kinerja
manajemen
facebook
setidaknya
maluku
mandiri
israel
minuman
un
terkena
dampak
komunitas
petenis
memimpin
manajer
semangat
suku
terang
menutup
jelasnya
hilang
perjuangan
angin
kiper
umumnya
terbaru
berlaku
isu
gula
kematian
apabila
ajun
tata
cerita
rw
nusa
menghasilkan
personel
pengurus
de
namanya
nelayan
keberadaan
subsidi
museum
menangani
s
pertamina
layar
kilogram
gratis
mencegah
sopir
akses
kuasa
menurunkan
lengkap
basuki
menuturkan
sd
perang
daripada
cabang
kepulauan
infrastruktur
suami
mengubah
hijau
besok
penonton
staf
perekonomian
masjid
haji
kursi
mengamankan
konsumsi
tersedia
swasta
ringan
singkat
menyusul
dibutuhkan
mendatangi
x
jantung
mengapa
khawatir
habis
hasilnya
krisis
impor
konsep
sehari
desain
tanda
penanganan
melepaskan
juventus
cinta
memperoleh
disebabkan
bek
menawarkan
garuda
berangkat
tuntutan
perbaikan
remaja
cuma
jabatan
belanja
jadwal
unggulan
ukuran
kotak
ditanya
sebagaimana
menyerang
politisi
tanaman
koleksi
pemilih
kreatif
selamat
sipil
mempertahankan
padang
persiapan
berdiri
pengawasan
hektar
km
menjabat
nusantara
diperlukan
berwarna
dibanding
diungkapkan
wajib
solusi
penangkapan
van
denpasar
mengunjungi
akibatnya
lomba
tertinggi
terasa
sampah
standar
pembelian
pakai
spbu
kanker
pola
ekspor
kelapa
berpikir
mendengar
konser
beras
ketat
rikwanto
melewati
gaji
menahan
terletak
generasi
sekadar
artinya
rambut
forum
menyambut
rekan
terpilih
rekor
ayam
kemacetan
fungsi
dilihat
utang
ayah
berbicara
medali
beragam
samsung
kamera
karakter
membantah
pakaian
teknik
pemenang
mengakibatkan
klasemen
selaku
versi
york
mengumumkan
android
dikutip
tunggal
pelatihan
pbb
international
mengandung
prestasi
adat
jumpa
membentuk
efek
pertanyaan
tendangan
dilansir
berapa
semifinal
center
pengamanan
republik
istana
sri
ramadhan
mahkamah
kedatangan
keinginan
komputer
berani
menampilkan
mendesak
arab
mengganggu
mengajak
kelima
menguasai
kampus
dahulu
detik
sederhana
kapasitas
pelanggan
kebanyakan
samping
terminal
kategori
menjawab
foke
mengatur
sengaja
ilustrasi
takut
gambar
rombongan
keuntungan
johan
dpp
pp
honda
berikutnya
mahal
lahir
tentara
terbang
windows
yamaha
belakangan
tablet
melainkan
bowo
otak
jatim
jangka
penetapan
profesional
menghentikan
miskin
angkatan
demokrasi
pks
memperbaiki
matahari
bilang
operasional
memulai
mencatat
aliran
la
rangka
panggung
bertugas
david
keluarganya
hatta
tradisi
menghindari
lanjutan
properti
ambon
komite
kesalahan
bi
insiden
games
membahas
kaum
isi
baju
balapan
negatif
blackberry
bekas
kriminal
brasil
melaksanakan
dinyatakan
kerusakan
sosok
wisma
berupaya
tiap
diserahkan
menderita
dimiliki
papar
minimal
pemprov
dewasa
batas
peluncuran
super
sebaliknya
dipastikan
sarana
pendapat
grand
kg
kunci
parah
menanggapi
muslim
dikeluarkan
messi
komitmen
walaupun
menguat
pembuatan
beli
konferensi
sayang
pangan
ma
susu
perbankan
artis
kei
beroperasi
pondok
perbatasan
parkir
lampu
twitter
narkotika
bertambah
tajam
istrinya
penembakan
fashion
disebutkan
cek
kekalahan
pelajaran
berkunjung
kepercayaan
asosiasi
markas
seleksi
smp
balai
internal
mengingatkan
zona
nah
menyaksikan
seiring
harian
diamankan
dirawat
asli
berbasis
kejahatan
kelahiran
abdul
pendek
rute
burung
setengah
umat
batam
dikabarkan
memperkuat
diperoleh
dokumen
setahun
restoran
menjadikan
berkaitan
temuan
ditambah
menaikkan
enggan
migas
smk
contoh
ui
terbakar
kekurangan
dilengkapi
urutan
unik
pindah
tentunya
menghadiri
sebut
filipina
hewan
diskusi
fakultas
kader
upah
cuaca
strategi
kehadiran
hamil
lepas
kenapa
efektif
dijadwalkan
raja
sasaran
jajaran
ihsg
tarif
dialami
ledakan
menekan
motif
teroris
parpol
direktorat
perilaku
penyanyi
pengetahuan
medis
hadiah
pns
akrab
terbatas
ketimbang
modern
menikah
pernikahan
merasakan
nur
yayasan
jarang
perbedaan
melayani
pengelolaan
kapan
pengawas
permasalahan
diselenggarakan
university
pembukaan
dipimpin
kualifikasi
asean
benda
melemah
terpisah
pesta
jaminan
rangkaian
upacara
syarat
mengangkat
perempat
ronaldo
pln
danau
fakta
tantangan
terkenal
yunani
kecepatan
mengancam
oknum
tipe
sayangnya
puasa
kaca
garis
terjadinya
independen
seluas
tergantung
wasit
maaf
misi
mengisi
roda
didampingi
rektor
arena
menurun
menganggap
aset
purnama
biru
sabu
mundur
suaminya
berbahaya
ac
sea
tulang
didik
bulu
menghadirkan
no
menu
rossi
pencurian
iphone
rutin
smartphone
beban
pasokan
perkebunan
unsur
kain
didukung
transfer
merusak
bersangkutan
memungkinkan
keadilan
kandidat
bertanggung
hebat
tawuran
ruu
materi
pencarian
reserse
berikut
identitas
memicu
nuh
mengejar
tki
seks
memenangkan
gereja
pol
novel
mandi
urusan
konstitusi
lantas
sepatu
praktik
menggantikan
jambi
pikir
bersaing
membela
peralatan
tipis
pembahasan
penyelenggara
miranda
eksekutif
produsen
mengumpulkan
liter
pelaksana
koalisi
kalinya
nasi
melintas
jual
sawit
kapten
ditangani
koordinasi
myanmar
resor
tulis
kuhp
terancam
mudik
dihadiri
nggak
banyaknya
alternatif
portugal
tertarik
kesenian
damai
berkas
mk
tertinggal
pembayaran
persatuan
mengantisipasi
palsu
ban
membuktikan
memahami
undangan
buatan
warung
skuad
sebelah
kewenangan
memenangi
album
striker
mengenal
situ
perayaan
penyelenggaraan
pembeli
taufik
sel
divisi
sepuluh
akun
perairan
berperan
pengobatan
pengembang
kabur
afrika
siaran
jabar
cocok
menempati
sisa
domestik
natal
kaya
berjanji
tanggung
menghabiskan
keunggulan
berpotensi
ruas
park
peduli
kendati
menerapkan
kandungan
in
tari
palestina
dingin
mengirimkan
signifikan
panggilan
melaju
agenda
nasabah
pemadam
century
menemui
bersalah
band
pas
menewaskan
protes
perhubungan
semacam
premium
asuransi
bpk
seksual
diadakan
sepenuhnya
melindungi
teknis
tertutup
ipad
lupa
meja
kesejahteraan
dipilih
rokok
lemak
perut
banten
mirip
tema
era
beredar
penulis
wawancara
sim
verifikasi
tas
ucapnya
merebut
mengonsumsi
relatif
mulut
bandar
agak
besi
tergabung
iklan
dinding
promosi
mengadakan
mineral
harganya
kejuaraan
pengendara
berkat
perikanan
merek
perahu
simulator
tbk
kuning
puas
gelombang
manager
beruntung
kecewa
sekitarnya
mengirim
membaca
uni
kurikulum
kering
imbang
bayern
lancar
boy
bertujuan
kebiasaan
pantauan
timor
ketentuan
mobile
kubu
pertimbangan
aktivis
papan
berdampak
dimintai
pengacara
elektronik
tps
dimanfaatkan
sby
apbn
gugatan
mentah
tahunan
citra
berkurang
duta
tetangga
beliau
pon
world
indra
tv
kerjasama
beasiswa
dilanjutkan
sultan
penggemar
menginginkan
hiburan
dalamnya
es
blok
pengelola
tampaknya
berukuran

